com/tsi/vehicle/exception/VehicleNotFoundException.class
com/tsi/vehicle/model/Vehicle2.class
com/tsi/vehicle/model/VehicleFormRequest$VehicleFormRequestBuilder.class
com/tsi/vehicle/exception/ResourceNotFoundException.class
com/tsi/vehicle/services/UserService.class
com/tsi/vehicle/model/Vehicle2$Vehicle2Builder.class
com/tsi/vehicle/constants/Enum.class
com/tsi/vehicle/model/AuthenticationRequest$AuthenticationRequestBuilder.class
com/tsi/vehicle/repository/UserRepository.class
com/tsi/vehicle/utils/UserServiceRunner.class
com/tsi/vehicle/model/Brand$BrandBuilder.class
com/tsi/vehicle/controller/UserController.class
com/tsi/vehicle/jwt/JwtTokenAuthenticationFilter.class
com/tsi/vehicle/jwt/JwtTokenProvider.class
com/tsi/vehicle/model/Color.class
com/tsi/vehicle/exception/GlobalExceptionHandler.class
com/tsi/vehicle/model/VehicleFormRequest.class
com/tsi/vehicle/model/AuthenticationResponse.class
com/tsi/vehicle/constants/ConstantsEnum$VehicleCondition.class
com/tsi/vehicle/constants/ConstantsEnum.class
com/tsi/vehicle/services/VehicleService.class
com/tsi/vehicle/config/SecurityConfiguration.class
com/tsi/vehicle/constants/ConstantsEnum$Colors.class
com/tsi/vehicle/repository/VehicleRepository.class
com/tsi/vehicle/constants/ConstantsEnum$TransmissionType.class
com/tsi/vehicle/services/impl/VehicleServiceImpl.class
com/tsi/vehicle/SyntheticDataGeneratorServiceApplication.class
com/tsi/vehicle/model/Brand.class
com/tsi/vehicle/model/User.class
com/tsi/vehicle/config/AppConfig.class
com/tsi/vehicle/constants/ConstantsEnum$EmissionClass.class
com/tsi/vehicle/model/VehicleResponse.class
com/tsi/vehicle/constants/ConstantsEnum$FeaturesAndOptionsEnum.class
com/tsi/vehicle/model/Color$ColorBuilder.class
com/tsi/vehicle/model/VehicleResponse$VehicleResponseBuilder.class
com/tsi/vehicle/config/SwaggerConfig.class
com/tsi/vehicle/model/Vehicle1.class
com/tsi/vehicle/services/impl/UserServiceImpl.class
com/tsi/vehicle/controller/VehicleController.class
com/tsi/vehicle/constants/ConstantsEnum$Status.class
com/tsi/vehicle/controller/AuthenticationController.class
com/tsi/vehicle/constants/ConstantsEnum$EngineType.class
com/tsi/vehicle/model/Vehicle.class
com/tsi/vehicle/model/AuthenticationResponse$AuthenticationResponseBuilder.class
com/tsi/vehicle/model/User$UserBuilder.class
com/tsi/vehicle/model/BaseEntity.class
com/tsi/vehicle/config/DataJpaConfig.class
com/tsi/vehicle/model/Vehicle$VehicleBuilder.class
com/tsi/vehicle/model/AuthenticationRequest.class
com/tsi/vehicle/model/Vehicle1$Vehicle1Builder.class
